# name: test_texts_issue_39[text0]
  <class 'list'> [
    None,
    None,
    None,
    None,
    None,
    None,
    '',
    ',',
    ',stridbare',
    ',',
    'karske',
    'män',
    ',',
    'så',
    'länge',
    'kraften',
    'stod',
    'bi',
    ',',
    'och',
    'till',
    'dess',
    'äfven',
    'de',
    ',',
    'hvar',
    'efter',
    'annan',
    ',',
    'förr',
    'eller',
    'sednare',
    'föllo',
    'till',
    'jorden',
    ',',
    'och',
    'vapnen',
    'ur',
    'deras',
    'domnande',
    'händer',
  ]
---
# name: test_texts_issue_39[text1]
  <class 'list'> [
    'Jonat',
    'han',
    'saknades',
    ',',
    'emedan',
    'han',
    ',',
    'med',
    'sin',
    'vapendragare',
    ',',
    'redan',
    'på',
    'annat',
    'håll',
    'sökt',
    'och',
    'anträffat',
    'fienden',
  ]
---
